// Jest Snapshot v1, https://goo.gl/fbAQLP

exports[`basic 1`] = `
Object {
  "logs": Array [
    Object {
      "content": "1",
      "player": Object {
        "colorIndex": 0,
        "name": "骰娘-Roll100",
      },
      "time": " 8:43:38",
    },
    Object {
      "content": ".r test",
      "player": Object {
        "colorIndex": 1,
        "name": "暗夜",
      },
      "time": " 9:02:42",
    },
    Object {
      "content": "4",
      "player": Object {
        "colorIndex": 2,
        "name": "岁寒",
      },
      "time": "11:26:00",
    },
    Object {
      "content": "5",
      "player": Object {
        "colorIndex": 3,
        "name": "黄山真君",
      },
      "time": " 7:54:29",
    },
    Object {
      "content": "6",
      "player": Object {
        "colorIndex": 3,
        "name": "黄山真君",
      },
      "time": " 9:16:35",
    },
    Object {
      "content": "  ",
      "player": Object {
        "colorIndex": 3,
        "name": "黄山真君",
      },
      "time": " 9:16:35",
    },
  ],
  "players": Array [
    Object {
      "colorIndex": 0,
      "name": "骰娘-Roll100",
    },
    Object {
      "colorIndex": 1,
      "name": "暗夜",
    },
    Object {
      "colorIndex": 2,
      "name": "岁寒",
    },
    Object {
      "colorIndex": 3,
      "name": "黄山真君",
    },
  ],
}
`;
